Copyright 1986-2019 Xilinx, Inc. All Rights Reserved.
------------------------------------------------------------------------------------------
| Tool Version : Vivado v.2019.2 (win64) Build 2708876 Wed Nov  6 21:40:23 MST 2019
| Date         : Thu Nov  4 14:42:27 2021
| Host         : snownp-stg4 running 64-bit major release  (build 9200)
| Command      : report_control_sets -verbose -file PongWithSound_control_sets_placed.rpt
| Design       : PongWithSound
| Device       : xc7a100t
------------------------------------------------------------------------------------------

Control Set Information

Table of Contents
-----------------
1. Summary
2. Histogram
3. Flip-Flop Distribution
4. Detailed Control Set Information

1. Summary
----------

+----------------------------------------------------------+-------+
|                          Status                          | Count |
+----------------------------------------------------------+-------+
| Total control sets                                       |    20 |
|    Minimum number of control sets                        |    20 |
|    Addition due to synthesis replication                 |     0 |
|    Addition due to physical synthesis replication        |     0 |
| Unused register locations in slices containing registers |    74 |
+----------------------------------------------------------+-------+
* Control sets can be merged at opt_design using control_set_merge or merge_equivalent_drivers
** Run report_qor_suggestions for automated merging and remapping suggestions


2. Histogram
------------

+--------------------+-------+
|       Fanout       | Count |
+--------------------+-------+
| Total control sets |    20 |
| >= 0 to < 4        |     2 |
| >= 4 to < 6        |     3 |
| >= 6 to < 8        |     3 |
| >= 8 to < 10       |     2 |
| >= 10 to < 12      |     2 |
| >= 12 to < 14      |     0 |
| >= 14 to < 16      |     1 |
| >= 16              |     7 |
+--------------------+-------+
* Control sets can be remapped at either synth_design or opt_design


3. Flip-Flop Distribution
-------------------------

+--------------+-----------------------+------------------------+-----------------+--------------+
| Clock Enable | Synchronous Set/Reset | Asynchronous Set/Reset | Total Registers | Total Slices |
+--------------+-----------------------+------------------------+-----------------+--------------+
| No           | No                    | No                     |              23 |           14 |
| No           | No                    | Yes                    |              42 |           12 |
| No           | Yes                   | No                     |              35 |           11 |
| Yes          | No                    | No                     |              20 |            5 |
| Yes          | No                    | Yes                    |              29 |           13 |
| Yes          | Yes                   | No                     |              97 |           27 |
+--------------+-----------------------+------------------------+-----------------+--------------+


4. Detailed Control Set Information
-----------------------------------

+------------------------------------------------+--------------------------------------------------+---------------------------------------------------------------------+------------------+----------------+
|                  Clock Signal                  |                   Enable Signal                  |                           Set/Reset Signal                          | Slice Load Count | Bel Load Count |
+------------------------------------------------+--------------------------------------------------+---------------------------------------------------------------------+------------------+----------------+
|  VGAdisplay/CRTclockUnit/pixelClockCounter/O60 |                                                  |                                                                     |                1 |              1 |
|  gameUnit/soundUnit/clockUnit/inst/Clock50MHz  |                                                  |                                                                     |                2 |              3 |
|  gameUnit/soundUnit/clockUnit/inst/Clock50MHz  | gameUnit/soundUnit/Sheet/VGAdisplay/p_1_in[9]    |                                                                     |                1 |              4 |
|  gameUnit/soundUnit/clockUnit/inst/Clock50MHz  | gameUnit/soundUnit/PlayNoteUnit/Timer/E[0]       | Reset_IBUF                                                          |                2 |              4 |
|  gameUnit/soundUnit/clockUnit/inst/Clock50MHz  | gameUnit/soundUnit/Sheet/E[0]                    | Reset_IBUF                                                          |                1 |              5 |
|  Clock_IBUF_BUFG                               | gameUnit/missTimer                               | VGAdisplay/hsyncModule/XPositionCounter/Q_reg[2]_0[0]               |                2 |              6 |
|  Clock_IBUF_BUFG                               | gameUnit/paddleTimer                             | VGAdisplay/hsyncModule/XPositionCounter/SS[0]                       |                2 |              6 |
|  Clock_IBUF_BUFG                               | gameUnit/wallTimer                               | gameUnit/bounceY10_out                                              |                2 |              6 |
|  Clock_IBUF_BUFG                               | gameUnit/leftpaddlePosition                      |                                                                     |                2 |              8 |
|  Clock_IBUF_BUFG                               | gameUnit/rightpaddlePosition                     |                                                                     |                2 |              8 |
|  Clock_IBUF_BUFG                               | VGAdisplay/vsyncUnit/LineEndOneShotUnit/E[0]     | Reset_IBUF                                                          |                6 |             10 |
|  Clock_IBUF_BUFG                               | VGAdisplay/hsyncModule/PixelClockUnit/E[0]       | Reset_IBUF                                                          |                4 |             10 |
|  Clock_IBUF_BUFG                               |                                                  | Reset_IBUF                                                          |                4 |             14 |
|  Clock_IBUF_BUFG                               |                                                  |                                                                     |               11 |             19 |
|  Clock_IBUF_BUFG                               | VGAdisplay/vsyncUnit/YPositionCounter/E[0]       | gameUnit/ballXdir8_out                                              |                6 |             19 |
|  gameUnit/soundUnit/clockUnit/inst/Clock50MHz  | gameUnit/soundUnit/NoteUnit/UnitInput/sel0__0[0] | gameUnit/soundUnit/NoteUnit/NoteDWave/WaveformCounter[0]_i_1__0_n_0 |                5 |             20 |
|  gameUnit/soundUnit/clockUnit/inst/Clock50MHz  | gameUnit/soundUnit/NoteUnit/UnitInput/sel0[0]    | gameUnit/soundUnit/NoteUnit/NoteCWave/WaveformCounter[0]_i_1_n_0    |                5 |             20 |
|  gameUnit/soundUnit/clockUnit/inst/Clock50MHz  | gameUnit/soundUnit/NoteUnit/UnitInput/sel0__1[0] | gameUnit/soundUnit/NoteUnit/NoteEWave/WaveformCounter[0]_i_1__1_n_0 |                5 |             20 |
|  gameUnit/soundUnit/clockUnit/inst/Clock50MHz  |                                                  | gameUnit/soundUnit/PlayDebounce/Timer/count[0]_i_1_n_0              |                7 |             27 |
|  gameUnit/soundUnit/clockUnit/inst/Clock50MHz  |                                                  | Reset_IBUF                                                          |               12 |             36 |
+------------------------------------------------+--------------------------------------------------+---------------------------------------------------------------------+------------------+----------------+


