Copyright 1986-2019 Xilinx, Inc. All Rights Reserved.
------------------------------------------------------------------------------------------------------
| Tool Version : Vivado v.2019.2 (win64) Build 2708876 Wed Nov  6 21:40:23 MST 2019
| Date         : Mon Nov  8 12:41:59 2021
| Host         : snownp-stg4 running 64-bit major release  (build 9200)
| Command      : report_control_sets -verbose -file PongwithNewFeatures_JD_NS_control_sets_placed.rpt
| Design       : PongwithNewFeatures_JD_NS
| Device       : xc7a100t
------------------------------------------------------------------------------------------------------

Control Set Information

Table of Contents
-----------------
1. Summary
2. Histogram
3. Flip-Flop Distribution
4. Detailed Control Set Information

1. Summary
----------

+----------------------------------------------------------+-------+
|                          Status                          | Count |
+----------------------------------------------------------+-------+
| Total control sets                                       |    23 |
|    Minimum number of control sets                        |    23 |
|    Addition due to synthesis replication                 |     0 |
|    Addition due to physical synthesis replication        |     0 |
| Unused register locations in slices containing registers |    87 |
+----------------------------------------------------------+-------+
* Control sets can be merged at opt_design using control_set_merge or merge_equivalent_drivers
** Run report_qor_suggestions for automated merging and remapping suggestions


2. Histogram
------------

+--------------------+-------+
|       Fanout       | Count |
+--------------------+-------+
| Total control sets |    23 |
| >= 0 to < 4        |     2 |
| >= 4 to < 6        |     7 |
| >= 6 to < 8        |     4 |
| >= 8 to < 10       |     0 |
| >= 10 to < 12      |     2 |
| >= 12 to < 14      |     0 |
| >= 14 to < 16      |     1 |
| >= 16              |     7 |
+--------------------+-------+
* Control sets can be remapped at either synth_design or opt_design


3. Flip-Flop Distribution
-------------------------

+--------------+-----------------------+------------------------+-----------------+--------------+
| Clock Enable | Synchronous Set/Reset | Asynchronous Set/Reset | Total Registers | Total Slices |
+--------------+-----------------------+------------------------+-----------------+--------------+
| No           | No                    | No                     |              35 |           20 |
| No           | No                    | Yes                    |              42 |           12 |
| No           | Yes                   | No                     |              35 |           11 |
| Yes          | No                    | No                     |               4 |            1 |
| Yes          | No                    | Yes                    |              29 |           12 |
| Yes          | Yes                   | No                     |             120 |           37 |
+--------------+-----------------------+------------------------+-----------------+--------------+


4. Detailed Control Set Information
-----------------------------------

+------------------------------------------------+----------------------------------------------------+--------------------------------------------------------+------------------+----------------+
|                  Clock Signal                  |                    Enable Signal                   |                    Set/Reset Signal                    | Slice Load Count | Bel Load Count |
+------------------------------------------------+----------------------------------------------------+--------------------------------------------------------+------------------+----------------+
|  VGAdisplay/CRTclockUnit/pixelClockCounter/O95 |                                                    |                                                        |                1 |              1 |
|  gameUnit/soundUnit/clockUnit/inst/Clock50MHz  |                                                    |                                                        |                2 |              3 |
|  gameUnit/soundUnit/clockUnit/inst/Clock50MHz  | gameUnit/soundUnit/PlayNoteUnit/Timer/E[0]         | Reset_IBUF                                             |                1 |              4 |
|  gameUnit/soundUnit/clockUnit/inst/Clock50MHz  | gameUnit/soundUnit/Sheet/VGAdisplay/p_1_in[2]      |                                                        |                1 |              4 |
|  Clock_IBUF_BUFG                               | gameUnit/leftScore[3]_i_2_n_0                      | gameUnit/leftScore[3]_i_1_n_0                          |                1 |              4 |
|  Clock_IBUF_BUFG                               | gameUnit/rightScore[3]_i_2_n_0                     | gameUnit/rightScore[3]_i_1_n_0                         |                1 |              4 |
|  gameUnit/soundUnit/clockUnit/inst/Clock50MHz  | gameUnit/soundUnit/Sheet/E[0]                      | Reset_IBUF                                             |                2 |              5 |
|  Clock_IBUF_BUFG                               | gameUnit/leftpaddlePosition[8]_i_2_n_0             | gameUnit/leftpaddlePosition[8]_i_1_n_0                 |                4 |              5 |
|  Clock_IBUF_BUFG                               | gameUnit/rightpaddlePosition[8]_i_2_n_0            | gameUnit/rightpaddlePosition[8]_i_1_n_0                |                2 |              5 |
|  Clock_IBUF_BUFG                               | gameUnit/missLeftTimer                             | VGAdisplay/hsyncModule/XPositionCounter/Q_reg[8]_0     |                2 |              6 |
|  Clock_IBUF_BUFG                               | gameUnit/missRightTimer                            | VGAdisplay/hsyncModule/XPositionCounter/Q_reg[8]_2     |                2 |              6 |
|  Clock_IBUF_BUFG                               | gameUnit/paddleTimer                               | VGAdisplay/hsyncModule/XPositionCounter/SS[0]          |                2 |              6 |
|  Clock_IBUF_BUFG                               | gameUnit/wallTimer                                 | VGAdisplay/vsyncUnit/YPositionCounter/Q_reg[8]_0[0]    |                2 |              6 |
|  Clock_IBUF_BUFG                               | VGAdisplay/vsyncUnit/LineEndOneShotUnit/E[0]       | Reset_IBUF                                             |                5 |             10 |
|  Clock_IBUF_BUFG                               | VGAdisplay/hsyncModule/PixelClockUnit/E[0]         | Reset_IBUF                                             |                4 |             10 |
|  Clock_IBUF_BUFG                               |                                                    | Reset_IBUF                                             |                4 |             14 |
|  Clock_IBUF_BUFG                               | VGAdisplay/hsyncModule/XPositionCounter/Q_reg[8]_1 | VGAdisplay/hsyncModule/XPositionCounter/SR[0]          |                6 |             18 |
|  gameUnit/soundUnit/clockUnit/inst/Clock50MHz  | gameUnit/soundUnit/NoteUnit/UnitInput/sel0__0[0]   | gameUnit/soundUnit/NoteUnit/UnitInput/NoteD_reg[0]_0   |                5 |             20 |
|  gameUnit/soundUnit/clockUnit/inst/Clock50MHz  | gameUnit/soundUnit/NoteUnit/UnitInput/sel0[0]      | gameUnit/soundUnit/NoteUnit/UnitInput/clear            |                5 |             20 |
|  gameUnit/soundUnit/clockUnit/inst/Clock50MHz  | gameUnit/soundUnit/NoteUnit/UnitInput/sel0__1[0]   | gameUnit/soundUnit/NoteUnit/UnitInput/NoteE_reg[0]_0   |                5 |             20 |
|  gameUnit/soundUnit/clockUnit/inst/Clock50MHz  |                                                    | gameUnit/soundUnit/PlayDebounce/Timer/count[0]_i_1_n_0 |                7 |             27 |
|  Clock_IBUF_BUFG                               |                                                    |                                                        |               17 |             31 |
|  gameUnit/soundUnit/clockUnit/inst/Clock50MHz  |                                                    | Reset_IBUF                                             |               12 |             36 |
+------------------------------------------------+----------------------------------------------------+--------------------------------------------------------+------------------+----------------+


